Archive member included because of file (symbol)

/usr/lib/gcc/avr/4.8.1/../../../avr/lib/avr5/libprintf_flt.a(vfprintf_flt.o)
                              (vfprintf)
/usr/lib/gcc/avr/4.8.1/avr5/libgcc.a(_udivmodqi4.o)
                              si7021.o (__udivmodqi4)
/usr/lib/gcc/avr/4.8.1/avr5/libgcc.a(_exit.o)
                              /usr/lib/gcc/avr/4.8.1/../../../avr/lib/avr5/crtm328p.o (exit)
/usr/lib/gcc/avr/4.8.1/avr5/libgcc.a(_copy_data.o)
                              main.o (__do_copy_data)
/usr/lib/gcc/avr/4.8.1/avr5/libgcc.a(_clear_bss.o)
                              main.o (__do_clear_bss)
/usr/lib/gcc/avr/4.8.1/avr5/libgcc.a(_prologue.o)
                              /usr/lib/gcc/avr/4.8.1/../../../avr/lib/avr5/libprintf_flt.a(vfprintf_flt.o) (__prologue_saves__)
/usr/lib/gcc/avr/4.8.1/avr5/libgcc.a(_epilogue.o)
                              /usr/lib/gcc/avr/4.8.1/../../../avr/lib/avr5/libprintf_flt.a(vfprintf_flt.o) (__epilogue_restores__)
/usr/lib/gcc/avr/4.8.1/avr5/libgcc.a(_ashldi3.o)
                              si7021.o (__ashldi3)
/usr/lib/gcc/avr/4.8.1/../../../avr/lib/avr5/libm.a(addsf3.o)
                              main.o (__subsf3)
/usr/lib/gcc/avr/4.8.1/../../../avr/lib/avr5/libm.a(addsf3x.o)
                              /usr/lib/gcc/avr/4.8.1/../../../avr/lib/avr5/libm.a(addsf3.o) (__addsf3x)
/usr/lib/gcc/avr/4.8.1/../../../avr/lib/avr5/libm.a(fixunssfsi.o)
                              ccs811.o (__fixunssfsi)
/usr/lib/gcc/avr/4.8.1/../../../avr/lib/avr5/libm.a(floatsisf.o)
                              main.o (__floatunsisf)
/usr/lib/gcc/avr/4.8.1/../../../avr/lib/avr5/libm.a(fp_inf.o)
                              /usr/lib/gcc/avr/4.8.1/../../../avr/lib/avr5/libm.a(addsf3x.o) (__fp_inf)
/usr/lib/gcc/avr/4.8.1/../../../avr/lib/avr5/libm.a(fp_nan.o)
                              /usr/lib/gcc/avr/4.8.1/../../../avr/lib/avr5/libm.a(addsf3x.o) (__fp_nan)
/usr/lib/gcc/avr/4.8.1/../../../avr/lib/avr5/libm.a(fp_pscA.o)
                              /usr/lib/gcc/avr/4.8.1/../../../avr/lib/avr5/libm.a(addsf3x.o) (__fp_pscA)
/usr/lib/gcc/avr/4.8.1/../../../avr/lib/avr5/libm.a(fp_pscB.o)
                              /usr/lib/gcc/avr/4.8.1/../../../avr/lib/avr5/libm.a(addsf3x.o) (__fp_pscB)
/usr/lib/gcc/avr/4.8.1/../../../avr/lib/avr5/libm.a(fp_round.o)
                              /usr/lib/gcc/avr/4.8.1/../../../avr/lib/avr5/libm.a(addsf3.o) (__fp_round)
/usr/lib/gcc/avr/4.8.1/../../../avr/lib/avr5/libm.a(fp_split3.o)
                              /usr/lib/gcc/avr/4.8.1/../../../avr/lib/avr5/libm.a(addsf3x.o) (__fp_split3)
/usr/lib/gcc/avr/4.8.1/../../../avr/lib/avr5/libm.a(fp_zero.o)
                              /usr/lib/gcc/avr/4.8.1/../../../avr/lib/avr5/libm.a(addsf3x.o) (__fp_zero)
/usr/lib/gcc/avr/4.8.1/../../../avr/lib/avr5/libm.a(mulsf3.o)
                              main.o (__mulsf3)
/usr/lib/gcc/avr/4.8.1/../../../avr/lib/avr5/libm.a(mulsf3x.o)
                              /usr/lib/gcc/avr/4.8.1/../../../avr/lib/avr5/libm.a(mulsf3.o) (__mulsf3x)
/usr/lib/gcc/avr/4.8.1/../../../avr/lib/avr5/libc.a(ftoa_engine.o)
                              /usr/lib/gcc/avr/4.8.1/../../../avr/lib/avr5/libprintf_flt.a(vfprintf_flt.o) (__ftoa_engine)
/usr/lib/gcc/avr/4.8.1/../../../avr/lib/avr5/libc.a(isprint.o)
                              uart0.o (isprint)
/usr/lib/gcc/avr/4.8.1/../../../avr/lib/avr5/libc.a(strnlen_P.o)
                              /usr/lib/gcc/avr/4.8.1/../../../avr/lib/avr5/libprintf_flt.a(vfprintf_flt.o) (strnlen_P)
/usr/lib/gcc/avr/4.8.1/../../../avr/lib/avr5/libc.a(strnlen.o)
                              /usr/lib/gcc/avr/4.8.1/../../../avr/lib/avr5/libprintf_flt.a(vfprintf_flt.o) (strnlen)
/usr/lib/gcc/avr/4.8.1/../../../avr/lib/avr5/libc.a(fdevopen.o)
                              uart0.o (fdevopen)
/usr/lib/gcc/avr/4.8.1/../../../avr/lib/avr5/libc.a(fputc.o)
                              /usr/lib/gcc/avr/4.8.1/../../../avr/lib/avr5/libprintf_flt.a(vfprintf_flt.o) (fputc)
/usr/lib/gcc/avr/4.8.1/../../../avr/lib/avr5/libc.a(iob.o)
                              main.o (__iob)
/usr/lib/gcc/avr/4.8.1/../../../avr/lib/avr5/libc.a(printf.o)
                              main.o (printf)
/usr/lib/gcc/avr/4.8.1/../../../avr/lib/avr5/libc.a(puts.o)
                              main.o (puts)
/usr/lib/gcc/avr/4.8.1/../../../avr/lib/avr5/libc.a(ultoa_invert.o)
                              /usr/lib/gcc/avr/4.8.1/../../../avr/lib/avr5/libprintf_flt.a(vfprintf_flt.o) (__ultoa_invert)
/usr/lib/gcc/avr/4.8.1/../../../avr/lib/avr5/libc.a(calloc.o)
                              /usr/lib/gcc/avr/4.8.1/../../../avr/lib/avr5/libc.a(fdevopen.o) (calloc)
/usr/lib/gcc/avr/4.8.1/../../../avr/lib/avr5/libc.a(malloc.o)
                              /usr/lib/gcc/avr/4.8.1/../../../avr/lib/avr5/libc.a(calloc.o) (malloc)
/usr/lib/gcc/avr/4.8.1/../../../avr/lib/avr5/libc.a(cty_isfalse.o)
                              /usr/lib/gcc/avr/4.8.1/../../../avr/lib/avr5/libc.a(isprint.o) (__ctype_isfalse)
/usr/lib/gcc/avr/4.8.1/../../../avr/lib/avr5/libc.a(memset.o)
                              /usr/lib/gcc/avr/4.8.1/../../../avr/lib/avr5/libc.a(calloc.o) (memset)

Allocating common symbols
Common symbol       size              file

__brkval            0x2               /usr/lib/gcc/avr/4.8.1/../../../avr/lib/avr5/libc.a(malloc.o)
__flp               0x2               /usr/lib/gcc/avr/4.8.1/../../../avr/lib/avr5/libc.a(malloc.o)
__iob               0x6               /usr/lib/gcc/avr/4.8.1/../../../avr/lib/avr5/libc.a(iob.o)

Memory Configuration

Name             Origin             Length             Attributes
text             0x0000000000000000 0x0000000000020000 xr
data             0x0000000000800060 0x000000000000ffa0 rw !x
eeprom           0x0000000000810000 0x0000000000010000 rw !x
fuse             0x0000000000820000 0x0000000000000400 rw !x
lock             0x0000000000830000 0x0000000000000400 rw !x
signature        0x0000000000840000 0x0000000000000400 rw !x
user_signatures  0x0000000000850000 0x0000000000000400 rw !x
*default*        0x0000000000000000 0xffffffffffffffff

Linker script and memory map

Address of section .data set to 0x800100
LOAD /usr/lib/gcc/avr/4.8.1/../../../avr/lib/avr5/crtm328p.o
LOAD main.o
LOAD uart0.o
LOAD twi.o
LOAD ccs811.o
LOAD si7021.o
LOAD am2302.o
LOAD /usr/lib/gcc/avr/4.8.1/../../../avr/lib/avr5/libprintf_flt.a
LOAD /usr/lib/gcc/avr/4.8.1/avr5/libgcc.a
LOAD /usr/lib/gcc/avr/4.8.1/../../../avr/lib/avr5/libm.a
START GROUP
LOAD /usr/lib/gcc/avr/4.8.1/avr5/libgcc.a
LOAD /usr/lib/gcc/avr/4.8.1/../../../avr/lib/avr5/libm.a
LOAD /usr/lib/gcc/avr/4.8.1/../../../avr/lib/avr5/libc.a
END GROUP

.hash
 *(.hash)

.dynsym
 *(.dynsym)

.dynstr
 *(.dynstr)

.gnu.version
 *(.gnu.version)

.gnu.version_d
 *(.gnu.version_d)

.gnu.version_r
 *(.gnu.version_r)

.rel.init
 *(.rel.init)

.rela.init
 *(.rela.init)

.rel.text
 *(.rel.text)
 *(.rel.text.*)
 *(.rel.gnu.linkonce.t*)

.rela.text
 *(.rela.text)
 *(.rela.text.*)
 *(.rela.gnu.linkonce.t*)

.rel.fini
 *(.rel.fini)

.rela.fini
 *(.rela.fini)

.rel.rodata
 *(.rel.rodata)
 *(.rel.rodata.*)
 *(.rel.gnu.linkonce.r*)

.rela.rodata
 *(.rela.rodata)
 *(.rela.rodata.*)
 *(.rela.gnu.linkonce.r*)

.rel.data
 *(.rel.data)
 *(.rel.data.*)
 *(.rel.gnu.linkonce.d*)

.rela.data
 *(.rela.data)
 *(.rela.data.*)
 *(.rela.gnu.linkonce.d*)

.rel.ctors
 *(.rel.ctors)

.rela.ctors
 *(.rela.ctors)

.rel.dtors
 *(.rel.dtors)

.rela.dtors
 *(.rela.dtors)

.rel.got
 *(.rel.got)

.rela.got
 *(.rela.got)

.rel.bss
 *(.rel.bss)

.rela.bss
 *(.rela.bss)

.rel.plt
 *(.rel.plt)

.rela.plt
 *(.rela.plt)

.text           0x0000000000000000     0x1e94
 *(.vectors)
 .vectors       0x0000000000000000       0x68 /usr/lib/gcc/avr/4.8.1/../../../avr/lib/avr5/crtm328p.o
                0x0000000000000000                __vectors
                0x0000000000000000                __vector_default
 *(.vectors)
 *(.progmem.gcc*)
                0x0000000000000068                . = ALIGN (0x2)
                0x0000000000000068                __trampolines_start = .
 *(.trampolines)
 .trampolines   0x0000000000000068        0x0 linker stubs
 *(.trampolines*)
                0x0000000000000068                __trampolines_end = .
 *(.progmem*)
 .progmem.data  0x0000000000000068        0x8 /usr/lib/gcc/avr/4.8.1/../../../avr/lib/avr5/libprintf_flt.a(vfprintf_flt.o)
 .progmem.data  0x0000000000000070       0xfa /usr/lib/gcc/avr/4.8.1/../../../avr/lib/avr5/libc.a(ftoa_engine.o)
                0x000000000000016a                . = ALIGN (0x2)
 *(.jumptables)
 *(.jumptables*)
 *(.lowtext)
 *(.lowtext*)
                0x000000000000016a                __ctors_start = .
 *(.ctors)
                0x000000000000016a                __ctors_end = .
                0x000000000000016a                __dtors_start = .
 *(.dtors)
                0x000000000000016a                __dtors_end = .
 SORT(*)(.ctors)
 SORT(*)(.dtors)
 *(.init0)
 .init0         0x000000000000016a        0x0 /usr/lib/gcc/avr/4.8.1/../../../avr/lib/avr5/crtm328p.o
                0x000000000000016a                __init
 *(.init0)
 *(.init1)
 *(.init1)
 *(.init2)
 .init2         0x000000000000016a        0xc /usr/lib/gcc/avr/4.8.1/../../../avr/lib/avr5/crtm328p.o
 *(.init2)
 *(.init3)
 *(.init3)
 *(.init4)
 .init4         0x0000000000000176       0x16 /usr/lib/gcc/avr/4.8.1/avr5/libgcc.a(_copy_data.o)
                0x0000000000000176                __do_copy_data
 .init4         0x000000000000018c       0x10 /usr/lib/gcc/avr/4.8.1/avr5/libgcc.a(_clear_bss.o)
                0x000000000000018c                __do_clear_bss
 *(.init4)
 *(.init5)
 *(.init5)
 *(.init6)
 *(.init6)
 *(.init7)
 *(.init7)
 *(.init8)
 *(.init8)
 *(.init9)
 .init9         0x000000000000019c        0x8 /usr/lib/gcc/avr/4.8.1/../../../avr/lib/avr5/crtm328p.o
 *(.init9)
 *(.text)
 .text          0x00000000000001a4        0x4 /usr/lib/gcc/avr/4.8.1/../../../avr/lib/avr5/crtm328p.o
                0x00000000000001a4                __vector_22
                0x00000000000001a4                __vector_1
                0x00000000000001a4                __vector_24
                0x00000000000001a4                __vector_12
                0x00000000000001a4                __bad_interrupt
                0x00000000000001a4                __vector_6
                0x00000000000001a4                __vector_3
                0x00000000000001a4                __vector_23
                0x00000000000001a4                __vector_25
                0x00000000000001a4                __vector_11
                0x00000000000001a4                __vector_13
                0x00000000000001a4                __vector_17
                0x00000000000001a4                __vector_19
                0x00000000000001a4                __vector_7
                0x00000000000001a4                __vector_5
                0x00000000000001a4                __vector_4
                0x00000000000001a4                __vector_9
                0x00000000000001a4                __vector_2
                0x00000000000001a4                __vector_21
                0x00000000000001a4                __vector_15
                0x00000000000001a4                __vector_8
                0x00000000000001a4                __vector_14
                0x00000000000001a4                __vector_10
                0x00000000000001a4                __vector_16
                0x00000000000001a4                __vector_18
                0x00000000000001a4                __vector_20
 .text          0x00000000000001a8       0x20 main.o
                0x00000000000001a8                init
 .text          0x00000000000001c8      0x258 uart0.o
                0x00000000000001c8                uart0_init
                0x00000000000001e4                uart0_read_unblocked
                0x00000000000001fa                uart0_read
                0x0000000000000214                uart0_read_data
                0x0000000000000250                uart0_write_unblocked
                0x000000000000026a                uart0_write
                0x0000000000000298                uart0_write_data
                0x00000000000002d4                uart0_write_string
                0x0000000000000306                uart0_readline
                0x00000000000003f6                uart0_fd
 .text          0x0000000000000420      0x1cc twi.o
                0x0000000000000420                twi_init
                0x000000000000042c                twi_start
                0x000000000000043c                twi_stop
                0x0000000000000458                twi_write
                0x0000000000000486                twi_read
                0x00000000000004a2                twi_scan
                0x00000000000004c8                twi_write_data
                0x0000000000000552                twi_read_data
 .text          0x00000000000005ec      0x21e ccs811.o
                0x0000000000000618                ccs811_read_status
                0x000000000000061e                ccs811_init
                0x0000000000000670                ccs811_read_error
                0x0000000000000676                ccs811_read_mode
                0x000000000000067c                ccs811_poll
                0x0000000000000684                ccs811_read_data
                0x00000000000006c6                ccs811_write_envdata
                0x0000000000000792                ccs811_test
 .text          0x000000000000080a      0x268 si7021.o
                0x000000000000080a                si7021_read
                0x0000000000000862                si7021_read_user1
                0x000000000000088e                si7021_read_temp
                0x00000000000008be                si7021_read_u16_u32
                0x0000000000000978                si7021_read_sn
                0x00000000000009f0                si7021_write_heater
 .text          0x0000000000000a72       0xf8 am2302.o
                0x0000000000000a96                am2302_read
                0x0000000000000b4e                am2302_check
 .text          0x0000000000000b6a        0x0 /usr/lib/gcc/avr/4.8.1/../../../avr/lib/avr5/libprintf_flt.a(vfprintf_flt.o)
 .text          0x0000000000000b6a        0x0 /usr/lib/gcc/avr/4.8.1/avr5/libgcc.a(_udivmodqi4.o)
 .text          0x0000000000000b6a        0x0 /usr/lib/gcc/avr/4.8.1/avr5/libgcc.a(_exit.o)
 .text          0x0000000000000b6a        0x0 /usr/lib/gcc/avr/4.8.1/avr5/libgcc.a(_copy_data.o)
 .text          0x0000000000000b6a        0x0 /usr/lib/gcc/avr/4.8.1/avr5/libgcc.a(_clear_bss.o)
 .text          0x0000000000000b6a        0x0 /usr/lib/gcc/avr/4.8.1/avr5/libgcc.a(_prologue.o)
 .text          0x0000000000000b6a        0x0 /usr/lib/gcc/avr/4.8.1/avr5/libgcc.a(_epilogue.o)
 .text          0x0000000000000b6a        0x0 /usr/lib/gcc/avr/4.8.1/avr5/libgcc.a(_ashldi3.o)
 .text          0x0000000000000b6a        0x0 /usr/lib/gcc/avr/4.8.1/../../../avr/lib/avr5/libm.a(addsf3.o)
 .text          0x0000000000000b6a        0x0 /usr/lib/gcc/avr/4.8.1/../../../avr/lib/avr5/libm.a(addsf3x.o)
 .text          0x0000000000000b6a        0x0 /usr/lib/gcc/avr/4.8.1/../../../avr/lib/avr5/libm.a(fixunssfsi.o)
 .text          0x0000000000000b6a        0x0 /usr/lib/gcc/avr/4.8.1/../../../avr/lib/avr5/libm.a(floatsisf.o)
 .text          0x0000000000000b6a        0x0 /usr/lib/gcc/avr/4.8.1/../../../avr/lib/avr5/libm.a(fp_inf.o)
 .text          0x0000000000000b6a        0x0 /usr/lib/gcc/avr/4.8.1/../../../avr/lib/avr5/libm.a(fp_nan.o)
 .text          0x0000000000000b6a        0x0 /usr/lib/gcc/avr/4.8.1/../../../avr/lib/avr5/libm.a(fp_pscA.o)
 .text          0x0000000000000b6a        0x0 /usr/lib/gcc/avr/4.8.1/../../../avr/lib/avr5/libm.a(fp_pscB.o)
 .text          0x0000000000000b6a        0x0 /usr/lib/gcc/avr/4.8.1/../../../avr/lib/avr5/libm.a(fp_round.o)
 .text          0x0000000000000b6a        0x0 /usr/lib/gcc/avr/4.8.1/../../../avr/lib/avr5/libm.a(fp_split3.o)
 .text          0x0000000000000b6a        0x0 /usr/lib/gcc/avr/4.8.1/../../../avr/lib/avr5/libm.a(fp_zero.o)
 .text          0x0000000000000b6a        0x0 /usr/lib/gcc/avr/4.8.1/../../../avr/lib/avr5/libm.a(mulsf3.o)
 .text          0x0000000000000b6a        0x0 /usr/lib/gcc/avr/4.8.1/../../../avr/lib/avr5/libm.a(mulsf3x.o)
 .text          0x0000000000000b6a        0x0 /usr/lib/gcc/avr/4.8.1/../../../avr/lib/avr5/libc.a(ftoa_engine.o)
 .text          0x0000000000000b6a        0x0 /usr/lib/gcc/avr/4.8.1/../../../avr/lib/avr5/libc.a(isprint.o)
 .text          0x0000000000000b6a        0x0 /usr/lib/gcc/avr/4.8.1/../../../avr/lib/avr5/libc.a(strnlen_P.o)
 .text          0x0000000000000b6a        0x0 /usr/lib/gcc/avr/4.8.1/../../../avr/lib/avr5/libc.a(strnlen.o)
 .text          0x0000000000000b6a        0x0 /usr/lib/gcc/avr/4.8.1/../../../avr/lib/avr5/libc.a(fdevopen.o)
 .text          0x0000000000000b6a        0x0 /usr/lib/gcc/avr/4.8.1/../../../avr/lib/avr5/libc.a(fputc.o)
 .text          0x0000000000000b6a        0x0 /usr/lib/gcc/avr/4.8.1/../../../avr/lib/avr5/libc.a(iob.o)
 .text          0x0000000000000b6a        0x0 /usr/lib/gcc/avr/4.8.1/../../../avr/lib/avr5/libc.a(printf.o)
 .text          0x0000000000000b6a        0x0 /usr/lib/gcc/avr/4.8.1/../../../avr/lib/avr5/libc.a(puts.o)
 .text          0x0000000000000b6a        0x0 /usr/lib/gcc/avr/4.8.1/../../../avr/lib/avr5/libc.a(ultoa_invert.o)
 .text          0x0000000000000b6a        0x0 /usr/lib/gcc/avr/4.8.1/../../../avr/lib/avr5/libc.a(calloc.o)
 .text          0x0000000000000b6a        0x0 /usr/lib/gcc/avr/4.8.1/../../../avr/lib/avr5/libc.a(malloc.o)
 .text          0x0000000000000b6a        0x0 /usr/lib/gcc/avr/4.8.1/../../../avr/lib/avr5/libc.a(cty_isfalse.o)
 .text          0x0000000000000b6a        0x0 /usr/lib/gcc/avr/4.8.1/../../../avr/lib/avr5/libc.a(memset.o)
                0x0000000000000b6a                . = ALIGN (0x2)
 *(.text.*)
 .text.startup  0x0000000000000b6a      0x1b6 main.o
                0x0000000000000b6a                main
 .text.avr-libc
                0x0000000000000d20      0x6f6 /usr/lib/gcc/avr/4.8.1/../../../avr/lib/avr5/libprintf_flt.a(vfprintf_flt.o)
                0x0000000000000d20                vfprintf
 .text.libgcc.mul
                0x0000000000001416        0x0 /usr/lib/gcc/avr/4.8.1/avr5/libgcc.a(_udivmodqi4.o)
 .text.libgcc.div
                0x0000000000001416       0x18 /usr/lib/gcc/avr/4.8.1/avr5/libgcc.a(_udivmodqi4.o)
                0x0000000000001416                __udivmodqi4
 .text.libgcc   0x000000000000142e        0x0 /usr/lib/gcc/avr/4.8.1/avr5/libgcc.a(_udivmodqi4.o)
 .text.libgcc.prologue
                0x000000000000142e        0x0 /usr/lib/gcc/avr/4.8.1/avr5/libgcc.a(_udivmodqi4.o)
 .text.libgcc.builtins
                0x000000000000142e        0x0 /usr/lib/gcc/avr/4.8.1/avr5/libgcc.a(_udivmodqi4.o)
 .text.libgcc.fmul
                0x000000000000142e        0x0 /usr/lib/gcc/avr/4.8.1/avr5/libgcc.a(_udivmodqi4.o)
 .text.libgcc.fixed
                0x000000000000142e        0x0 /usr/lib/gcc/avr/4.8.1/avr5/libgcc.a(_udivmodqi4.o)
 .text.libgcc.mul
                0x000000000000142e        0x0 /usr/lib/gcc/avr/4.8.1/avr5/libgcc.a(_exit.o)
 .text.libgcc.div
                0x000000000000142e        0x0 /usr/lib/gcc/avr/4.8.1/avr5/libgcc.a(_exit.o)
 .text.libgcc   0x000000000000142e        0x0 /usr/lib/gcc/avr/4.8.1/avr5/libgcc.a(_exit.o)
 .text.libgcc.prologue
                0x000000000000142e        0x0 /usr/lib/gcc/avr/4.8.1/avr5/libgcc.a(_exit.o)
 .text.libgcc.builtins
                0x000000000000142e        0x0 /usr/lib/gcc/avr/4.8.1/avr5/libgcc.a(_exit.o)
 .text.libgcc.fmul
                0x000000000000142e        0x0 /usr/lib/gcc/avr/4.8.1/avr5/libgcc.a(_exit.o)
 .text.libgcc.fixed
                0x000000000000142e        0x0 /usr/lib/gcc/avr/4.8.1/avr5/libgcc.a(_exit.o)
 .text.libgcc.mul
                0x000000000000142e        0x0 /usr/lib/gcc/avr/4.8.1/avr5/libgcc.a(_copy_data.o)
 .text.libgcc.div
                0x000000000000142e        0x0 /usr/lib/gcc/avr/4.8.1/avr5/libgcc.a(_copy_data.o)
 .text.libgcc   0x000000000000142e        0x0 /usr/lib/gcc/avr/4.8.1/avr5/libgcc.a(_copy_data.o)
 .text.libgcc.prologue
                0x000000000000142e        0x0 /usr/lib/gcc/avr/4.8.1/avr5/libgcc.a(_copy_data.o)
 .text.libgcc.builtins
                0x000000000000142e        0x0 /usr/lib/gcc/avr/4.8.1/avr5/libgcc.a(_copy_data.o)
 .text.libgcc.fmul
                0x000000000000142e        0x0 /usr/lib/gcc/avr/4.8.1/avr5/libgcc.a(_copy_data.o)
 .text.libgcc.fixed
                0x000000000000142e        0x0 /usr/lib/gcc/avr/4.8.1/avr5/libgcc.a(_copy_data.o)
 .text.libgcc.mul
                0x000000000000142e        0x0 /usr/lib/gcc/avr/4.8.1/avr5/libgcc.a(_clear_bss.o)
 .text.libgcc.div
                0x000000000000142e        0x0 /usr/lib/gcc/avr/4.8.1/avr5/libgcc.a(_clear_bss.o)
 .text.libgcc   0x000000000000142e        0x0 /usr/lib/gcc/avr/4.8.1/avr5/libgcc.a(_clear_bss.o)
 .text.libgcc.prologue
                0x000000000000142e        0x0 /usr/lib/gcc/avr/4.8.1/avr5/libgcc.a(_clear_bss.o)
 .text.libgcc.builtins
                0x000000000000142e        0x0 /usr/lib/gcc/avr/4.8.1/avr5/libgcc.a(_clear_bss.o)
 .text.libgcc.fmul
                0x000000000000142e        0x0 /usr/lib/gcc/avr/4.8.1/avr5/libgcc.a(_clear_bss.o)
 .text.libgcc.fixed
                0x000000000000142e        0x0 /usr/lib/gcc/avr/4.8.1/avr5/libgcc.a(_clear_bss.o)
 .text.libgcc.mul
                0x000000000000142e        0x0 /usr/lib/gcc/avr/4.8.1/avr5/libgcc.a(_prologue.o)
 .text.libgcc.div
                0x000000000000142e        0x0 /usr/lib/gcc/avr/4.8.1/avr5/libgcc.a(_prologue.o)
 .text.libgcc   0x000000000000142e        0x0 /usr/lib/gcc/avr/4.8.1/avr5/libgcc.a(_prologue.o)
 .text.libgcc.prologue
                0x000000000000142e       0x38 /usr/lib/gcc/avr/4.8.1/avr5/libgcc.a(_prologue.o)
                0x000000000000142e                __prologue_saves__
 .text.libgcc.builtins
                0x0000000000001466        0x0 /usr/lib/gcc/avr/4.8.1/avr5/libgcc.a(_prologue.o)
 .text.libgcc.fmul
                0x0000000000001466        0x0 /usr/lib/gcc/avr/4.8.1/avr5/libgcc.a(_prologue.o)
 .text.libgcc.fixed
                0x0000000000001466        0x0 /usr/lib/gcc/avr/4.8.1/avr5/libgcc.a(_prologue.o)
 .text.libgcc.mul
                0x0000000000001466        0x0 /usr/lib/gcc/avr/4.8.1/avr5/libgcc.a(_epilogue.o)
 .text.libgcc.div
                0x0000000000001466        0x0 /usr/lib/gcc/avr/4.8.1/avr5/libgcc.a(_epilogue.o)
 .text.libgcc   0x0000000000001466        0x0 /usr/lib/gcc/avr/4.8.1/avr5/libgcc.a(_epilogue.o)
 .text.libgcc.prologue
                0x0000000000001466       0x36 /usr/lib/gcc/avr/4.8.1/avr5/libgcc.a(_epilogue.o)
                0x0000000000001466                __epilogue_restores__
 .text.libgcc.builtins
                0x000000000000149c        0x0 /usr/lib/gcc/avr/4.8.1/avr5/libgcc.a(_epilogue.o)
 .text.libgcc.fmul
                0x000000000000149c        0x0 /usr/lib/gcc/avr/4.8.1/avr5/libgcc.a(_epilogue.o)
 .text.libgcc.fixed
                0x000000000000149c        0x0 /usr/lib/gcc/avr/4.8.1/avr5/libgcc.a(_epilogue.o)
 .text.libgcc.mul
                0x000000000000149c        0x0 /usr/lib/gcc/avr/4.8.1/avr5/libgcc.a(_ashldi3.o)
 .text.libgcc.div
                0x000000000000149c        0x0 /usr/lib/gcc/avr/4.8.1/avr5/libgcc.a(_ashldi3.o)
 .text.libgcc   0x000000000000149c        0x0 /usr/lib/gcc/avr/4.8.1/avr5/libgcc.a(_ashldi3.o)
 .text.libgcc.prologue
                0x000000000000149c        0x0 /usr/lib/gcc/avr/4.8.1/avr5/libgcc.a(_ashldi3.o)
 .text.libgcc.builtins
                0x000000000000149c       0x32 /usr/lib/gcc/avr/4.8.1/avr5/libgcc.a(_ashldi3.o)
                0x000000000000149c                __ashldi3
 .text.libgcc.fmul
                0x00000000000014ce        0x0 /usr/lib/gcc/avr/4.8.1/avr5/libgcc.a(_ashldi3.o)
 .text.libgcc.fixed
                0x00000000000014ce        0x0 /usr/lib/gcc/avr/4.8.1/avr5/libgcc.a(_ashldi3.o)
 .text.avr-libc.fplib
                0x00000000000014ce        0xa /usr/lib/gcc/avr/4.8.1/../../../avr/lib/avr5/libm.a(addsf3.o)
                0x00000000000014ce                __subsf3
                0x00000000000014d0                __addsf3
 .text.avr-libc.fplib
                0x00000000000014d8       0xc0 /usr/lib/gcc/avr/4.8.1/../../../avr/lib/avr5/libm.a(addsf3x.o)
                0x00000000000014f2                __addsf3x
 .text.avr-libc.fplib
                0x0000000000001598       0x58 /usr/lib/gcc/avr/4.8.1/../../../avr/lib/avr5/libm.a(fixunssfsi.o)
                0x0000000000001598                __fixunssfsi
 .text.avr-libc.fplib
                0x00000000000015f0       0x7a /usr/lib/gcc/avr/4.8.1/../../../avr/lib/avr5/libm.a(floatsisf.o)
                0x00000000000015f0                __floatunsisf
                0x00000000000015f4                __floatsisf
 .text.avr-libc.fplib
                0x000000000000166a        0xc /usr/lib/gcc/avr/4.8.1/../../../avr/lib/avr5/libm.a(fp_inf.o)
                0x000000000000166a                __fp_inf
 .text.avr-libc.fplib
                0x0000000000001676        0x6 /usr/lib/gcc/avr/4.8.1/../../../avr/lib/avr5/libm.a(fp_nan.o)
                0x0000000000001676                __fp_nan
 .text.avr-libc.fplib
                0x000000000000167c        0xe /usr/lib/gcc/avr/4.8.1/../../../avr/lib/avr5/libm.a(fp_pscA.o)
                0x000000000000167c                __fp_pscA
 .text.avr-libc.fplib
                0x000000000000168a        0xe /usr/lib/gcc/avr/4.8.1/../../../avr/lib/avr5/libm.a(fp_pscB.o)
                0x000000000000168a                __fp_pscB
 .text.avr-libc.fplib
                0x0000000000001698       0x22 /usr/lib/gcc/avr/4.8.1/../../../avr/lib/avr5/libm.a(fp_round.o)
                0x0000000000001698                __fp_round
 .text.avr-libc.fplib
                0x00000000000016ba       0x44 /usr/lib/gcc/avr/4.8.1/../../../avr/lib/avr5/libm.a(fp_split3.o)
                0x00000000000016ba                __fp_split3
                0x00000000000016ca                __fp_splitA
 .text.avr-libc.fplib
                0x00000000000016fe        0xe /usr/lib/gcc/avr/4.8.1/../../../avr/lib/avr5/libm.a(fp_zero.o)
                0x00000000000016fe                __fp_zero
                0x0000000000001700                __fp_szero
 .text.avr-libc.fplib
                0x000000000000170c        0x4 /usr/lib/gcc/avr/4.8.1/../../../avr/lib/avr5/libm.a(mulsf3.o)
                0x000000000000170c                __mulsf3
 .text.avr-libc.fplib
                0x0000000000001710       0xc2 /usr/lib/gcc/avr/4.8.1/../../../avr/lib/avr5/libm.a(mulsf3x.o)
                0x0000000000001724                __mulsf3x
                0x0000000000001728                __mulsf3_pse
 .text.avr-libc
                0x00000000000017d2      0x1b0 /usr/lib/gcc/avr/4.8.1/../../../avr/lib/avr5/libc.a(ftoa_engine.o)
                0x00000000000017d2                __ftoa_engine
 .text.avr-libc
                0x0000000000001982       0x10 /usr/lib/gcc/avr/4.8.1/../../../avr/lib/avr5/libc.a(isprint.o)
                0x0000000000001982                isgraph
                0x0000000000001986                isprint
 .text.avr-libc
                0x0000000000001992       0x16 /usr/lib/gcc/avr/4.8.1/../../../avr/lib/avr5/libc.a(strnlen_P.o)
                0x0000000000001992                strnlen_P
 .text.avr-libc
                0x00000000000019a8       0x16 /usr/lib/gcc/avr/4.8.1/../../../avr/lib/avr5/libc.a(strnlen.o)
                0x00000000000019a8                strnlen
 .text.avr-libc
                0x00000000000019be       0x96 /usr/lib/gcc/avr/4.8.1/../../../avr/lib/avr5/libc.a(fdevopen.o)
                0x00000000000019be                fdevopen
 .text.avr-libc
                0x0000000000001a54       0x64 /usr/lib/gcc/avr/4.8.1/../../../avr/lib/avr5/libc.a(fputc.o)
                0x0000000000001a54                fputc
 .text.avr-libc
                0x0000000000001ab8       0x28 /usr/lib/gcc/avr/4.8.1/../../../avr/lib/avr5/libc.a(printf.o)
                0x0000000000001ab8                printf
 .text.avr-libc
                0x0000000000001ae0       0x5a /usr/lib/gcc/avr/4.8.1/../../../avr/lib/avr5/libc.a(puts.o)
                0x0000000000001ae0                puts
 .text.avr-libc
                0x0000000000001b3a       0xbc /usr/lib/gcc/avr/4.8.1/../../../avr/lib/avr5/libc.a(ultoa_invert.o)
                0x0000000000001b3a                __ultoa_invert
 .text.avr-libc
                0x0000000000001bf6       0x38 /usr/lib/gcc/avr/4.8.1/../../../avr/lib/avr5/libc.a(calloc.o)
                0x0000000000001bf6                calloc
 .text.avr-libc
                0x0000000000001c2e      0x24e /usr/lib/gcc/avr/4.8.1/../../../avr/lib/avr5/libc.a(malloc.o)
                0x0000000000001c2e                malloc
                0x0000000000001d5e                free
 .text.avr-libc
                0x0000000000001e7c        0x6 /usr/lib/gcc/avr/4.8.1/../../../avr/lib/avr5/libc.a(cty_isfalse.o)
                0x0000000000001e7c                __ctype_isfalse
                0x0000000000001e80                __ctype_istrue
 .text.avr-libc
                0x0000000000001e82        0xe /usr/lib/gcc/avr/4.8.1/../../../avr/lib/avr5/libc.a(memset.o)
                0x0000000000001e82                memset
                0x0000000000001e90                . = ALIGN (0x2)
 *(.fini9)
 .fini9         0x0000000000001e90        0x0 /usr/lib/gcc/avr/4.8.1/avr5/libgcc.a(_exit.o)
                0x0000000000001e90                exit
                0x0000000000001e90                _exit
 *(.fini9)
 *(.fini8)
 *(.fini8)
 *(.fini7)
 *(.fini7)
 *(.fini6)
 *(.fini6)
 *(.fini5)
 *(.fini5)
 *(.fini4)
 *(.fini4)
 *(.fini3)
 *(.fini3)
 *(.fini2)
 *(.fini2)
 *(.fini1)
 *(.fini1)
 *(.fini0)
 .fini0         0x0000000000001e90        0x4 /usr/lib/gcc/avr/4.8.1/avr5/libgcc.a(_exit.o)
 *(.fini0)
                0x0000000000001e94                _etext = .

.data           0x0000000000800100       0xe8 load address 0x0000000000001e94
                0x0000000000800100                PROVIDE (__data_start, .)
 *(.data)
 .data          0x0000000000800100        0x0 /usr/lib/gcc/avr/4.8.1/../../../avr/lib/avr5/crtm328p.o
 .data          0x0000000000800100        0x0 main.o
 .data          0x0000000000800100        0x0 uart0.o
 .data          0x0000000000800100        0x0 twi.o
 .data          0x0000000000800100        0x0 ccs811.o
 .data          0x0000000000800100        0x0 si7021.o
 .data          0x0000000000800100        0x0 am2302.o
 .data          0x0000000000800100        0x0 /usr/lib/gcc/avr/4.8.1/../../../avr/lib/avr5/libprintf_flt.a(vfprintf_flt.o)
 .data          0x0000000000800100        0x0 /usr/lib/gcc/avr/4.8.1/avr5/libgcc.a(_udivmodqi4.o)
 .data          0x0000000000800100        0x0 /usr/lib/gcc/avr/4.8.1/avr5/libgcc.a(_exit.o)
 .data          0x0000000000800100        0x0 /usr/lib/gcc/avr/4.8.1/avr5/libgcc.a(_copy_data.o)
 .data          0x0000000000800100        0x0 /usr/lib/gcc/avr/4.8.1/avr5/libgcc.a(_clear_bss.o)
 .data          0x0000000000800100        0x0 /usr/lib/gcc/avr/4.8.1/avr5/libgcc.a(_prologue.o)
 .data          0x0000000000800100        0x0 /usr/lib/gcc/avr/4.8.1/avr5/libgcc.a(_epilogue.o)
 .data          0x0000000000800100        0x0 /usr/lib/gcc/avr/4.8.1/avr5/libgcc.a(_ashldi3.o)
 .data          0x0000000000800100        0x0 /usr/lib/gcc/avr/4.8.1/../../../avr/lib/avr5/libm.a(addsf3.o)
 .data          0x0000000000800100        0x0 /usr/lib/gcc/avr/4.8.1/../../../avr/lib/avr5/libm.a(addsf3x.o)
 .data          0x0000000000800100        0x0 /usr/lib/gcc/avr/4.8.1/../../../avr/lib/avr5/libm.a(fixunssfsi.o)
 .data          0x0000000000800100        0x0 /usr/lib/gcc/avr/4.8.1/../../../avr/lib/avr5/libm.a(floatsisf.o)
 .data          0x0000000000800100        0x0 /usr/lib/gcc/avr/4.8.1/../../../avr/lib/avr5/libm.a(fp_inf.o)
 .data          0x0000000000800100        0x0 /usr/lib/gcc/avr/4.8.1/../../../avr/lib/avr5/libm.a(fp_nan.o)
 .data          0x0000000000800100        0x0 /usr/lib/gcc/avr/4.8.1/../../../avr/lib/avr5/libm.a(fp_pscA.o)
 .data          0x0000000000800100        0x0 /usr/lib/gcc/avr/4.8.1/../../../avr/lib/avr5/libm.a(fp_pscB.o)
 .data          0x0000000000800100        0x0 /usr/lib/gcc/avr/4.8.1/../../../avr/lib/avr5/libm.a(fp_round.o)
 .data          0x0000000000800100        0x0 /usr/lib/gcc/avr/4.8.1/../../../avr/lib/avr5/libm.a(fp_split3.o)
 .data          0x0000000000800100        0x0 /usr/lib/gcc/avr/4.8.1/../../../avr/lib/avr5/libm.a(fp_zero.o)
 .data          0x0000000000800100        0x0 /usr/lib/gcc/avr/4.8.1/../../../avr/lib/avr5/libm.a(mulsf3.o)
 .data          0x0000000000800100        0x0 /usr/lib/gcc/avr/4.8.1/../../../avr/lib/avr5/libm.a(mulsf3x.o)
 .data          0x0000000000800100        0x0 /usr/lib/gcc/avr/4.8.1/../../../avr/lib/avr5/libc.a(ftoa_engine.o)
 .data          0x0000000000800100        0x0 /usr/lib/gcc/avr/4.8.1/../../../avr/lib/avr5/libc.a(isprint.o)
 .data          0x0000000000800100        0x0 /usr/lib/gcc/avr/4.8.1/../../../avr/lib/avr5/libc.a(strnlen_P.o)
 .data          0x0000000000800100        0x0 /usr/lib/gcc/avr/4.8.1/../../../avr/lib/avr5/libc.a(strnlen.o)
 .data          0x0000000000800100        0x0 /usr/lib/gcc/avr/4.8.1/../../../avr/lib/avr5/libc.a(fdevopen.o)
 .data          0x0000000000800100        0x0 /usr/lib/gcc/avr/4.8.1/../../../avr/lib/avr5/libc.a(fputc.o)
 .data          0x0000000000800100        0x0 /usr/lib/gcc/avr/4.8.1/../../../avr/lib/avr5/libc.a(iob.o)
 .data          0x0000000000800100        0x0 /usr/lib/gcc/avr/4.8.1/../../../avr/lib/avr5/libc.a(printf.o)
 .data          0x0000000000800100        0x0 /usr/lib/gcc/avr/4.8.1/../../../avr/lib/avr5/libc.a(puts.o)
 .data          0x0000000000800100        0x0 /usr/lib/gcc/avr/4.8.1/../../../avr/lib/avr5/libc.a(ultoa_invert.o)
 .data          0x0000000000800100        0x0 /usr/lib/gcc/avr/4.8.1/../../../avr/lib/avr5/libc.a(calloc.o)
 .data          0x0000000000800100        0x6 /usr/lib/gcc/avr/4.8.1/../../../avr/lib/avr5/libc.a(malloc.o)
                0x0000000000800100                __malloc_heap_end
                0x0000000000800102                __malloc_heap_start
                0x0000000000800104                __malloc_margin
 .data          0x0000000000800106        0x0 /usr/lib/gcc/avr/4.8.1/../../../avr/lib/avr5/libc.a(cty_isfalse.o)
 .data          0x0000000000800106        0x0 /usr/lib/gcc/avr/4.8.1/../../../avr/lib/avr5/libc.a(memset.o)
 *(.data*)
 *(.rodata)
 .rodata        0x0000000000800106        0x1 ccs811.o
 *(.rodata*)
 .rodata.str1.1
                0x0000000000800107       0x77 main.o
 .rodata.str1.1
                0x000000000080017e       0x69 ccs811.o
 *(.gnu.linkonce.d*)
                0x00000000008001e8                . = ALIGN (0x2)
 *fill*         0x00000000008001e7        0x1 
                0x00000000008001e8                _edata = .
                0x00000000008001e8                PROVIDE (__data_end, .)

.bss            0x00000000008001e8       0x18
                0x00000000008001e8                PROVIDE (__bss_start, .)
 *(.bss)
 .bss           0x00000000008001e8        0x0 /usr/lib/gcc/avr/4.8.1/../../../avr/lib/avr5/crtm328p.o
 .bss           0x00000000008001e8        0xc main.o
 .bss           0x00000000008001f4        0x2 uart0.o
 .bss           0x00000000008001f6        0x0 twi.o
 .bss           0x00000000008001f6        0x0 ccs811.o
 .bss           0x00000000008001f6        0x0 si7021.o
 .bss           0x00000000008001f6        0x0 am2302.o
 .bss           0x00000000008001f6        0x0 /usr/lib/gcc/avr/4.8.1/../../../avr/lib/avr5/libprintf_flt.a(vfprintf_flt.o)
 .bss           0x00000000008001f6        0x0 /usr/lib/gcc/avr/4.8.1/avr5/libgcc.a(_udivmodqi4.o)
 .bss           0x00000000008001f6        0x0 /usr/lib/gcc/avr/4.8.1/avr5/libgcc.a(_exit.o)
 .bss           0x00000000008001f6        0x0 /usr/lib/gcc/avr/4.8.1/avr5/libgcc.a(_copy_data.o)
 .bss           0x00000000008001f6        0x0 /usr/lib/gcc/avr/4.8.1/avr5/libgcc.a(_clear_bss.o)
 .bss           0x00000000008001f6        0x0 /usr/lib/gcc/avr/4.8.1/avr5/libgcc.a(_prologue.o)
 .bss           0x00000000008001f6        0x0 /usr/lib/gcc/avr/4.8.1/avr5/libgcc.a(_epilogue.o)
 .bss           0x00000000008001f6        0x0 /usr/lib/gcc/avr/4.8.1/avr5/libgcc.a(_ashldi3.o)
 .bss           0x00000000008001f6        0x0 /usr/lib/gcc/avr/4.8.1/../../../avr/lib/avr5/libm.a(addsf3.o)
 .bss           0x00000000008001f6        0x0 /usr/lib/gcc/avr/4.8.1/../../../avr/lib/avr5/libm.a(addsf3x.o)
 .bss           0x00000000008001f6        0x0 /usr/lib/gcc/avr/4.8.1/../../../avr/lib/avr5/libm.a(fixunssfsi.o)
 .bss           0x00000000008001f6        0x0 /usr/lib/gcc/avr/4.8.1/../../../avr/lib/avr5/libm.a(floatsisf.o)
 .bss           0x00000000008001f6        0x0 /usr/lib/gcc/avr/4.8.1/../../../avr/lib/avr5/libm.a(fp_inf.o)
 .bss           0x00000000008001f6        0x0 /usr/lib/gcc/avr/4.8.1/../../../avr/lib/avr5/libm.a(fp_nan.o)
 .bss           0x00000000008001f6        0x0 /usr/lib/gcc/avr/4.8.1/../../../avr/lib/avr5/libm.a(fp_pscA.o)
 .bss           0x00000000008001f6        0x0 /usr/lib/gcc/avr/4.8.1/../../../avr/lib/avr5/libm.a(fp_pscB.o)
 .bss           0x00000000008001f6        0x0 /usr/lib/gcc/avr/4.8.1/../../../avr/lib/avr5/libm.a(fp_round.o)
 .bss           0x00000000008001f6        0x0 /usr/lib/gcc/avr/4.8.1/../../../avr/lib/avr5/libm.a(fp_split3.o)
 .bss           0x00000000008001f6        0x0 /usr/lib/gcc/avr/4.8.1/../../../avr/lib/avr5/libm.a(fp_zero.o)
 .bss           0x00000000008001f6        0x0 /usr/lib/gcc/avr/4.8.1/../../../avr/lib/avr5/libm.a(mulsf3.o)
 .bss           0x00000000008001f6        0x0 /usr/lib/gcc/avr/4.8.1/../../../avr/lib/avr5/libm.a(mulsf3x.o)
 .bss           0x00000000008001f6        0x0 /usr/lib/gcc/avr/4.8.1/../../../avr/lib/avr5/libc.a(ftoa_engine.o)
 .bss           0x00000000008001f6        0x0 /usr/lib/gcc/avr/4.8.1/../../../avr/lib/avr5/libc.a(isprint.o)
 .bss           0x00000000008001f6        0x0 /usr/lib/gcc/avr/4.8.1/../../../avr/lib/avr5/libc.a(strnlen_P.o)
 .bss           0x00000000008001f6        0x0 /usr/lib/gcc/avr/4.8.1/../../../avr/lib/avr5/libc.a(strnlen.o)
 .bss           0x00000000008001f6        0x0 /usr/lib/gcc/avr/4.8.1/../../../avr/lib/avr5/libc.a(fdevopen.o)
 .bss           0x00000000008001f6        0x0 /usr/lib/gcc/avr/4.8.1/../../../avr/lib/avr5/libc.a(fputc.o)
 .bss           0x00000000008001f6        0x0 /usr/lib/gcc/avr/4.8.1/../../../avr/lib/avr5/libc.a(iob.o)
 .bss           0x00000000008001f6        0x0 /usr/lib/gcc/avr/4.8.1/../../../avr/lib/avr5/libc.a(printf.o)
 .bss           0x00000000008001f6        0x0 /usr/lib/gcc/avr/4.8.1/../../../avr/lib/avr5/libc.a(puts.o)
 .bss           0x00000000008001f6        0x0 /usr/lib/gcc/avr/4.8.1/../../../avr/lib/avr5/libc.a(ultoa_invert.o)
 .bss           0x00000000008001f6        0x0 /usr/lib/gcc/avr/4.8.1/../../../avr/lib/avr5/libc.a(calloc.o)
 .bss           0x00000000008001f6        0x0 /usr/lib/gcc/avr/4.8.1/../../../avr/lib/avr5/libc.a(malloc.o)
 .bss           0x00000000008001f6        0x0 /usr/lib/gcc/avr/4.8.1/../../../avr/lib/avr5/libc.a(cty_isfalse.o)
 .bss           0x00000000008001f6        0x0 /usr/lib/gcc/avr/4.8.1/../../../avr/lib/avr5/libc.a(memset.o)
 *(.bss*)
 *(COMMON)
 COMMON         0x00000000008001f6        0x6 /usr/lib/gcc/avr/4.8.1/../../../avr/lib/avr5/libc.a(iob.o)
                0x00000000008001f6                __iob
 COMMON         0x00000000008001fc        0x4 /usr/lib/gcc/avr/4.8.1/../../../avr/lib/avr5/libc.a(malloc.o)
                0x00000000008001fc                __brkval
                0x00000000008001fe                __flp
                0x0000000000800200                PROVIDE (__bss_end, .)
                0x0000000000001e94                __data_load_start = LOADADDR (.data)
                0x0000000000001f7c                __data_load_end = (__data_load_start + SIZEOF (.data))

.noinit         0x0000000000800200        0x0
                0x0000000000800200                PROVIDE (__noinit_start, .)
 *(.noinit*)
                0x0000000000800200                PROVIDE (__noinit_end, .)
                0x0000000000800200                _end = .
                0x0000000000800200                PROVIDE (__heap_start, .)

.eeprom         0x0000000000810000        0x0
 *(.eeprom*)
                0x0000000000810000                __eeprom_end = .

.fuse
 *(.fuse)
 *(.lfuse)
 *(.hfuse)
 *(.efuse)

.lock
 *(.lock*)

.signature
 *(.signature*)

.user_signatures
 *(.user_signatures*)

.stab           0x0000000000000000     0x2e2c
 *(.stab)
 .stab          0x0000000000000000      0x7c8 main.o
 .stab          0x00000000000007c8      0x9a8 uart0.o
                                        0xbd0 (size before relaxing)
 .stab          0x0000000000001170      0x828 twi.o
                                        0xa44 (size before relaxing)
 .stab          0x0000000000001998      0x7c8 ccs811.o
                                        0x9cc (size before relaxing)
 .stab          0x0000000000002160      0x6f0 si7021.o
                                        0x8d0 (size before relaxing)
 .stab          0x0000000000002850      0x5dc am2302.o
                                        0x7bc (size before relaxing)

.stabstr        0x0000000000000000     0x141e
 *(.stabstr)
 .stabstr       0x0000000000000000     0x141e main.o

.stab.excl
 *(.stab.excl)

.stab.exclstr
 *(.stab.exclstr)

.stab.index
 *(.stab.index)

.stab.indexstr
 *(.stab.indexstr)

.comment        0x0000000000000000       0x11
 *(.comment)
 .comment       0x0000000000000000       0x11 main.o
                                         0x12 (size before relaxing)
 .comment       0x0000000000000000       0x12 uart0.o
 .comment       0x0000000000000000       0x12 twi.o
 .comment       0x0000000000000000       0x12 ccs811.o
 .comment       0x0000000000000000       0x12 si7021.o
 .comment       0x0000000000000000       0x12 am2302.o
 .comment       0x0000000000000000       0x12 /usr/lib/gcc/avr/4.8.1/../../../avr/lib/avr5/libprintf_flt.a(vfprintf_flt.o)
 .comment       0x0000000000000000       0x12 /usr/lib/gcc/avr/4.8.1/../../../avr/lib/avr5/libc.a(fdevopen.o)
 .comment       0x0000000000000000       0x12 /usr/lib/gcc/avr/4.8.1/../../../avr/lib/avr5/libc.a(fputc.o)
 .comment       0x0000000000000000       0x12 /usr/lib/gcc/avr/4.8.1/../../../avr/lib/avr5/libc.a(iob.o)
 .comment       0x0000000000000000       0x12 /usr/lib/gcc/avr/4.8.1/../../../avr/lib/avr5/libc.a(printf.o)
 .comment       0x0000000000000000       0x12 /usr/lib/gcc/avr/4.8.1/../../../avr/lib/avr5/libc.a(puts.o)
 .comment       0x0000000000000000       0x12 /usr/lib/gcc/avr/4.8.1/../../../avr/lib/avr5/libc.a(calloc.o)
 .comment       0x0000000000000000       0x12 /usr/lib/gcc/avr/4.8.1/../../../avr/lib/avr5/libc.a(malloc.o)

.note.gnu.build-id
 *(.note.gnu.build-id)

.debug
 *(.debug)

.line
 *(.line)

.debug_srcinfo
 *(.debug_srcinfo)

.debug_sfnames
 *(.debug_sfnames)

.debug_aranges
 *(.debug_aranges)

.debug_pubnames
 *(.debug_pubnames)

.debug_info
 *(.debug_info .gnu.linkonce.wi.*)

.debug_abbrev
 *(.debug_abbrev)

.debug_line
 *(.debug_line .debug_line.* .debug_line_end)

.debug_frame
 *(.debug_frame)

.debug_str
 *(.debug_str)

.debug_loc
 *(.debug_loc)

.debug_macinfo
 *(.debug_macinfo)

.debug_weaknames
 *(.debug_weaknames)

.debug_funcnames
 *(.debug_funcnames)

.debug_typenames
 *(.debug_typenames)

.debug_varnames
 *(.debug_varnames)

.debug_pubtypes
 *(.debug_pubtypes)

.debug_ranges
 *(.debug_ranges)

.debug_macro
 *(.debug_macro)
OUTPUT(tmp.elf elf32-avr)
LOAD linker stubs
